Archive member included to satisfy reference by file (symbol)

C:/ST/STM32CubeIDE_1.19.0/STM32CubeIDE/plugins/com.st.stm32cube.ide.mcu.externaltools.gnu-tools-for-stm32.13.3.rel1.win32_1.0.0.202411081344/tools/bin/../lib/gcc/arm-none-eabi/13.3.1/../../../../arm-none-eabi/lib/thumb/v7e-m+fp/hard\libc_nano.a(libc_a-exit.o)
                              C:/ST/STM32CubeIDE_1.19.0/STM32CubeIDE/plugins/com.st.stm32cube.ide.mcu.externaltools.gnu-tools-for-stm32.13.3.rel1.win32_1.0.0.202411081344/tools/bin/../lib/gcc/arm-none-eabi/13.3.1/../../../../arm-none-eabi/lib/thumb/v7e-m+fp/hard/crt0.o (exit)
C:/ST/STM32CubeIDE_1.19.0/STM32CubeIDE/plugins/com.st.stm32cube.ide.mcu.externaltools.gnu-tools-for-stm32.13.3.rel1.win32_1.0.0.202411081344/tools/bin/../lib/gcc/arm-none-eabi/13.3.1/../../../../arm-none-eabi/lib/thumb/v7e-m+fp/hard\libc_nano.a(libc_a-findfp.o)
                              C:/ST/STM32CubeIDE_1.19.0/STM32CubeIDE/plugins/com.st.stm32cube.ide.mcu.externaltools.gnu-tools-for-stm32.13.3.rel1.win32_1.0.0.202411081344/tools/bin/../lib/gcc/arm-none-eabi/13.3.1/../../../../arm-none-eabi/lib/thumb/v7e-m+fp/hard\libc_nano.a(libc_a-exit.o) (__stdio_exit_handler)
C:/ST/STM32CubeIDE_1.19.0/STM32CubeIDE/plugins/com.st.stm32cube.ide.mcu.externaltools.gnu-tools-for-stm32.13.3.rel1.win32_1.0.0.202411081344/tools/bin/../lib/gcc/arm-none-eabi/13.3.1/../../../../arm-none-eabi/lib/thumb/v7e-m+fp/hard\libc_nano.a(libc_a-fwalk.o)
                              C:/ST/STM32CubeIDE_1.19.0/STM32CubeIDE/plugins/com.st.stm32cube.ide.mcu.externaltools.gnu-tools-for-stm32.13.3.rel1.win32_1.0.0.202411081344/tools/bin/../lib/gcc/arm-none-eabi/13.3.1/../../../../arm-none-eabi/lib/thumb/v7e-m+fp/hard\libc_nano.a(libc_a-findfp.o) (_fwalk_sglue)
C:/ST/STM32CubeIDE_1.19.0/STM32CubeIDE/plugins/com.st.stm32cube.ide.mcu.externaltools.gnu-tools-for-stm32.13.3.rel1.win32_1.0.0.202411081344/tools/bin/../lib/gcc/arm-none-eabi/13.3.1/../../../../arm-none-eabi/lib/thumb/v7e-m+fp/hard\libc_nano.a(libc_a-printf.o)
                              ./Src/FIFO.o (printf)
C:/ST/STM32CubeIDE_1.19.0/STM32CubeIDE/plugins/com.st.stm32cube.ide.mcu.externaltools.gnu-tools-for-stm32.13.3.rel1.win32_1.0.0.202411081344/tools/bin/../lib/gcc/arm-none-eabi/13.3.1/../../../../arm-none-eabi/lib/thumb/v7e-m+fp/hard\libc_nano.a(libc_a-puts.o)
                              ./Src/FIFO.o (puts)
C:/ST/STM32CubeIDE_1.19.0/STM32CubeIDE/plugins/com.st.stm32cube.ide.mcu.externaltools.gnu-tools-for-stm32.13.3.rel1.win32_1.0.0.202411081344/tools/bin/../lib/gcc/arm-none-eabi/13.3.1/../../../../arm-none-eabi/lib/thumb/v7e-m+fp/hard\libc_nano.a(libc_a-stdio.o)
                              C:/ST/STM32CubeIDE_1.19.0/STM32CubeIDE/plugins/com.st.stm32cube.ide.mcu.externaltools.gnu-tools-for-stm32.13.3.rel1.win32_1.0.0.202411081344/tools/bin/../lib/gcc/arm-none-eabi/13.3.1/../../../../arm-none-eabi/lib/thumb/v7e-m+fp/hard\libc_nano.a(libc_a-findfp.o) (__sread)
C:/ST/STM32CubeIDE_1.19.0/STM32CubeIDE/plugins/com.st.stm32cube.ide.mcu.externaltools.gnu-tools-for-stm32.13.3.rel1.win32_1.0.0.202411081344/tools/bin/../lib/gcc/arm-none-eabi/13.3.1/../../../../arm-none-eabi/lib/thumb/v7e-m+fp/hard\libc_nano.a(libc_a-wbuf.o)
                              C:/ST/STM32CubeIDE_1.19.0/STM32CubeIDE/plugins/com.st.stm32cube.ide.mcu.externaltools.gnu-tools-for-stm32.13.3.rel1.win32_1.0.0.202411081344/tools/bin/../lib/gcc/arm-none-eabi/13.3.1/../../../../arm-none-eabi/lib/thumb/v7e-m+fp/hard\libc_nano.a(libc_a-puts.o) (__swbuf_r)
C:/ST/STM32CubeIDE_1.19.0/STM32CubeIDE/plugins/com.st.stm32cube.ide.mcu.externaltools.gnu-tools-for-stm32.13.3.rel1.win32_1.0.0.202411081344/tools/bin/../lib/gcc/arm-none-eabi/13.3.1/../../../../arm-none-eabi/lib/thumb/v7e-m+fp/hard\libc_nano.a(libc_a-wsetup.o)
                              C:/ST/STM32CubeIDE_1.19.0/STM32CubeIDE/plugins/com.st.stm32cube.ide.mcu.externaltools.gnu-tools-for-stm32.13.3.rel1.win32_1.0.0.202411081344/tools/bin/../lib/gcc/arm-none-eabi/13.3.1/../../../../arm-none-eabi/lib/thumb/v7e-m+fp/hard\libc_nano.a(libc_a-puts.o) (__swsetup_r)
C:/ST/STM32CubeIDE_1.19.0/STM32CubeIDE/plugins/com.st.stm32cube.ide.mcu.externaltools.gnu-tools-for-stm32.13.3.rel1.win32_1.0.0.202411081344/tools/bin/../lib/gcc/arm-none-eabi/13.3.1/../../../../arm-none-eabi/lib/thumb/v7e-m+fp/hard\libc_nano.a(libc_a-memset.o)
                              C:/ST/STM32CubeIDE_1.19.0/STM32CubeIDE/plugins/com.st.stm32cube.ide.mcu.externaltools.gnu-tools-for-stm32.13.3.rel1.win32_1.0.0.202411081344/tools/bin/../lib/gcc/arm-none-eabi/13.3.1/../../../../arm-none-eabi/lib/thumb/v7e-m+fp/hard/crt0.o (memset)
C:/ST/STM32CubeIDE_1.19.0/STM32CubeIDE/plugins/com.st.stm32cube.ide.mcu.externaltools.gnu-tools-for-stm32.13.3.rel1.win32_1.0.0.202411081344/tools/bin/../lib/gcc/arm-none-eabi/13.3.1/../../../../arm-none-eabi/lib/thumb/v7e-m+fp/hard\libc_nano.a(libc_a-closer.o)
[...]
Memory Configuration

Name             Origin             Length             Attributes
RAM              0x20000000         0x00018000         xrw
SRAM2            0x10000000         0x00008000         xrw
FLASH            0x08000000         0x00100000         xr
*default*        0x00000000         0xffffffff

Linker script and memory map

LOAD C:/ST/STM32CubeIDE_1.19.0/STM32CubeIDE/plugins/com.st.stm32cube.ide.mcu.externaltools.gnu-tools-for-stm32.13.3.rel1.win32_1.0.0.202411081344/tools/bin/../lib/gcc/arm-none-eabi/13.3.1/thumb/v7e-m+fp/hard/crti.o
LOAD C:/ST/STM32CubeIDE_1.19.0/STM32CubeIDE/plugins/com.st.stm32cube.ide.mcu.externaltools.gnu-tools-for-stm32.13.3.rel1.win32_1.0.0.202411081344/tools/bin/../lib/gcc/arm-none-eabi/13.3.1/thumb/v7e-m+fp/hard/crtbegin.o
LOAD C:/ST/STM32CubeIDE_1.19.0/STM32CubeIDE/plugins/com.st.stm32cube.ide.mcu.externaltools.gnu-tools-for-stm32.13.3.rel1.win32_1.0.0.202411081344/tools/bin/../lib/gcc/arm-none-eabi/13.3.1/../../../../arm-none-eabi/lib/thumb/v7e-m+fp/hard/crt0.o
LOAD ./Src/FIFO.o
LOAD ./Src/main.o
LOAD ./Src/syscalls.o
LOAD ./Src/sysmem.o
LOAD ./Startup/startup_stm32l476rgtx.o
START GROUP
LOAD C:/ST/STM32CubeIDE_1.19.0/STM32CubeIDE/plugins/com.st.stm32cube.ide.mcu.externaltools.gnu-tools-for-stm32.13.3.rel1.win32_1.0.0.202411081344/tools/bin/../lib/gcc/arm-none-eabi/13.3.1/../../../../arm-none-eabi/lib/thumb/v7e-m+fp/hard\libc_nano.a
LOAD C:/ST/STM32CubeIDE_1.19.0/STM32CubeIDE/plugins/com.st.stm32cube.ide.mcu.externaltools.gnu-tools-for-stm32.13.3.rel1.win32_1.0.0.202411081344/tools/bin/../lib/gcc/arm-none-eabi/13.3.1/../../../../arm-none-eabi/lib/thumb/v7e-m+fp/hard\libm.a
END GROUP
START GROUP
LOAD C:/ST/STM32CubeIDE_1.19.0/STM32CubeIDE/plugins/com.st.stm32cube.ide.mcu.externaltools.gnu-tools-for-stm32.13.3.rel1.win32_1.0.0.202411081344/tools/bin/../lib/gcc/arm-none-eabi/13.3.1/thumb/v7e-m+fp/hard\libgcc.a
LOAD C:/ST/STM32CubeIDE_1.19.0/STM32CubeIDE/plugins/com.st.stm32cube.ide.mcu.externaltools.gnu-tools-for-stm32.13.3.rel1.win32_1.0.0.202411081344/tools/bin/../lib/gcc/arm-none-eabi/13.3.1/../../../../arm-none-eabi/lib/thumb/v7e-m+fp/hard\libc_nano.a
END GROUP
START GROUP
LOAD C:/ST/STM32CubeIDE_1.19.0/STM32CubeIDE/plugins/com.st.stm32cube.ide.mcu.externaltools.gnu-tools-for-stm32.13.3.rel1.win32_1.0.0.202411081344/tools/bin/../lib/gcc/arm-none-eabi/13.3.1/thumb/v7e-m+fp/hard\libgcc.a
LOAD C:/ST/STM32CubeIDE_1.19.0/STM32CubeIDE/plugins/com.st.stm32cube.ide.mcu.externaltools.gnu-tools-for-stm32.13.3.rel1.win32_1.0.0.202411081344/tools/bin/../lib/gcc/arm-none-eabi/13.3.1/../../../../arm-none-eabi/lib/thumb/v7e-m+fp/hard\libc_nano.a
LOAD C:/ST/STM32CubeIDE_1.19.0/STM32CubeIDE/plugins/com.st.stm32cube.ide.mcu.externaltools.gnu-tools-for-stm32.13.3.rel1.win32_1.0.0.202411081344/tools/bin/../lib/gcc/arm-none-eabi/13.3.1/../../../../arm-none-eabi/lib/thumb/v7e-m+fp/hard\libnosys.a
END GROUP
START GROUP
LOAD C:/ST/STM32CubeIDE_1.19.0/STM32CubeIDE/plugins/com.st.stm32cube.ide.mcu.externaltools.gnu-tools-for-stm32.13.3.rel1.win32_1.0.0.202411081344/tools/bin/../lib/gcc/arm-none-eabi/13.3.1/thumb/v7e-m+fp/hard\libgcc.a
LOAD C:/ST/STM32CubeIDE_1.19.0/STM32CubeIDE/plugins/com.st.stm32cube.ide.mcu.externaltools.gnu-tools-for-stm32.13.3.rel1.win32_1.0.0.202411081344/tools/bin/../lib/gcc/arm-none-eabi/13.3.1/../../../../arm-none-eabi/lib/thumb/v7e-m+fp/hard\libc_nano.a
LOAD C:/ST/STM32CubeIDE_1.19.0/STM32CubeIDE/plugins/com.st.stm32cube.ide.mcu.externaltools.gnu-tools-for-stm32.13.3.rel1.win32_1.0.0.202411081344/tools/bin/../lib/gcc/arm-none-eabi/13.3.1/../../../../arm-none-eabi/lib/thumb/v7e-m+fp/hard\libnosys.a
END GROUP
LOAD C:/ST/STM32CubeIDE_1.19.0/STM32CubeIDE/plugins/com.st.stm32cube.ide.mcu.externaltools.gnu-tools-for-stm32.13.3.rel1.win32_1.0.0.202411081344/tools/bin/../lib/gcc/arm-none-eabi/13.3.1/thumb/v7e-m+fp/hard/crtend.o
LOAD C:/ST/STM32CubeIDE_1.19.0/STM32CubeIDE/plugins/com.st.stm32cube.ide.mcu.externaltools.gnu-tools-for-stm32.13.3.rel1.win32_1.0.0.202411081344/tools/bin/../lib/gcc/arm-none-eabi/13.3.1/thumb/v7e-m+fp/hard/crtn.o
                0x20018000                        _estack = (ORIGIN (RAM) + LENGTH (RAM))
                0x00000200                        _Min_Heap_Size = 0x200
                0x00000400                        _Min_Stack_Size = 0x400

.isr_vector     0x08000000      0x18c
                0x08000000                        . = ALIGN (0x4)
 *(.isr_vector)
 .isr_vector    0x08000000      0x18c ./Startup/startup_stm32l476rgtx.o
                0x08000000                g_pfnVectors
                0x0800018c                        . = ALIGN (0x4)

.text           0x0800018c      0x300
                0x0800018c                        . = ALIGN (0x4)
 *(.text)
 .text          0x0800018c       0x40 C:/ST/STM32CubeIDE_1.19.0/STM32CubeIDE/plugins/com.st.stm32cube.ide.mcu.externaltools.gnu-tools-for-stm32.13.3.rel1.win32_1.0.0.202411081344/tools/bin/../lib/gcc/arm-none-eabi/13.3.1/thumb/v7e-m+fp/hard/crtbegin.o
 *(.text*)
 .text.FIFO_Init
                0x080001cc       0x4c ./Src/FIFO.o
                0x080001cc                FIFO_Init
 .text.FIFO_IsFull
                0x08000218       0x42 ./Src/FIFO.o
                0x08000218                FIFO_IsFull
 .text.FIFO_IsEmpty
                0x0800025a       0x3e ./Src/FIFO.o
                0x0800025a                FIFO_IsEmpty
 .text.FIFO_EnQueue
                0x08000298       0x80 ./Src/FIFO.o
                0x08000298                FIFO_EnQueue
 .text.FIFO_DeQueue
                0x08000318       0x82 ./Src/FIFO.o
                0x08000318                FIFO_DeQueue
 .text.main     0x0800039a       0x3e ./Src/main.o
                0x0800039a                main
 .text.Reset_Handler
                0x080003d8       0x50 ./Startup/startup_stm32l476rgtx.o
                0x080003d8                Reset_Handler
 .text.Default_Handler
                0x08000428        0x2 ./Startup/startup_stm32l476rgtx.o
                0x08000428                EXTI2_IRQHandler
                0x08000428                TIM8_TRG_COM_IRQHandler
                0x08000428                TIM8_CC_IRQHandler
                0x08000428                DebugMon_Handler
                0x08000428                DMA1_CH4_IRQHandler
                0x08000428                TIM1_CC_IRQHandler
                0x08000428                TSC_IRQHandler
                0x08000428                HardFault_Handler
                0x08000428                SysTick_Handler
                0x08000428                TAMP_STAMP_IRQHandler
                0x08000428                PendSV_Handler
                0x08000428                NMI_Handler
                0x08000428                EXTI3_IRQHandler
                0x08000428                LPTIM2_IRQHandler
                0x08000428                DFSDM1_FLT1_IRQHandler
                0x08000428                I2C3_ER_IRQHandler
                0x08000428                DFSDM1_FLT2_IRQHandler
                0x08000428                TIM6_DACUNDER_IRQHandler
                0x08000428                EXTI0_IRQHandler
                0x08000428                I2C2_EV_IRQHandler
                0x08000428                DMA2_CH1_IRQHandler
                0x08000428                CAN1_RX0_IRQHandler
                0x08000428                FPU_IRQHandler
                0x08000428                TIM1_UP_TIM16_IRQHandler
                0x08000428                DMA2_CH7_IRQHandler
                0x08000428                UsageFault_Handler
                0x08000428                ADC1_2_IRQHandler
                0x08000428                SPI1_IRQHandler
                0x08000428                DMA1_CH7_IRQHandler
                0x08000428                TIM8_UP_IRQHandler
                0x08000428                RTC_ALARM_IRQHandler
                0x08000428                SAI2_IRQHandler
                0x08000428                DFSDM1_FLT3_IRQHandler
                0x08000428                DMA1_CH6_IRQHandler
                0x08000428                USART3_IRQHandler
                0x08000428                CAN1_RX1_IRQHandler
                0x08000428                LCD_IRQHandler
                0x08000428                UART5_IRQHandler
                0x08000428                ADC3_IRQHandler
                0x08000428                TIM4_IRQHandler
                0x08000428                QUADSPI_IRQHandler
                0x08000428                I2C1_EV_IRQHandler
                0x08000428                DMA2_CH5_IRQHandler
                0x08000428                UART4_IRQHandler
                0x08000428                DMA1_CH3_IRQHandler
                0x08000428                TIM3_IRQHandler
                0x08000428                RCC_IRQHandler
                0x08000428                Default_Handler
                0x08000428                EXTI15_10_IRQHandler
                0x08000428                TIM7_IRQHandler
                0x08000428                SDMMC1_IRQHandler
                0x08000428                TIM5_IRQHandler
                0x08000428                I2C3_EV_IRQHandler
                0x08000428                EXTI9_5_IRQHandler
                0x08000428                DMA1_CH2_IRQHandler
                0x08000428                RTC_WKUP_IRQHandler
                0x08000428                PVD_PVM_IRQHandler
                0x08000428                SPI2_IRQHandler
                0x08000428                DMA1_CH1_IRQHandler
                0x08000428                MemManage_Handler
                0x08000428                CAN1_TX_IRQHandler
                0x08000428                SVC_Handler
                0x08000428                CRS_IRQHandler
                0x08000428                EXTI4_IRQHandler
                0x08000428                RNG_IRQHandler
                0x08000428                TIM1_TRG_COM_TIM17_IRQHandler
                0x08000428                COMP_IRQHandler
                0x08000428                WWDG_IRQHandler
                0x08000428                LPUART1_IRQHandler
                0x08000428                TIM2_IRQHandler
                0x08000428                EXTI1_IRQHandler
                0x08000428                USART2_IRQHandler
                0x08000428                DFSDM1_FLT0_IRQHandler
                0x08000428                I2C2_ER_IRQHandler
                0x08000428                TIM8_BRK_IRQHandler
                0x08000428                CAN1_SCE_IRQHandler
                0x08000428                FLASH_IRQHandler
                0x08000428                BusFault_Handler
                0x08000428                USART1_IRQHandler
                0x08000428                OTG_FS_IRQHandler
                0x08000428                SPI3_IRQHandler
                0x08000428                DMA2_CH6_IRQHandler
                0x08000428                DMA2_CH3_IRQHandler
                0x08000428                DMA2_CH2_IRQHandler
                0x08000428                I2C1_ER_IRQHandler
                0x08000428                FMC_IRQHandler
                0x08000428                DMA1_CH5_IRQHandler
                0x08000428                DMA2_CH4_IRQHandler
                0x08000428                SWPMI1_IRQHandler
                0x08000428                LPTIM1_IRQHandler
                0x08000428                SAI1_IRQHandler
                0x08000428                TIM1_BRK_TIM15_IRQHandler
 *fill*         0x0800042a        0x2 
 .text.__libc_init_array
                0x0800042c       0x48 C:/ST/STM32CubeIDE_1.19.0/STM32CubeIDE/plugins/com.st.stm32cube.ide.mcu.externaltools.gnu-tools-for-stm32.13.3.rel1.win32_1.0.0.202411081344/tools/bin/../lib/gcc/arm-none-eabi/13.3.1/../../../../arm-none-eabi/lib/thumb/v7e-m+fp/hard\libc_nano.a(libc_a-init.o)
                0x0800042c                __libc_init_array
 *(.glue_7)
 .glue_7        0x08000474        0x0 linker stubs
 *(.glue_7t)
 .glue_7t       0x08000474        0x0 linker stubs
 *(.eh_frame)
 .eh_frame      0x08000474        0x0 C:/ST/STM32CubeIDE_1.19.0/STM32CubeIDE/plugins/com.st.stm32cube.ide.mcu.externaltools.gnu-tools-for-stm32.13.3.rel1.win32_1.0.0.202411081344/tools/bin/../lib/gcc/arm-none-eabi/13.3.1/thumb/v7e-m+fp/hard/crtbegin.o
 *(.init)
 .init          0x08000474        0x4 C:/ST/STM32CubeIDE_1.19.0/STM32CubeIDE/plugins/com.st.stm32cube.ide.mcu.externaltools.gnu-tools-for-stm32.13.3.rel1.win32_1.0.0.202411081344/tools/bin/../lib/gcc/arm-none-eabi/13.3.1/thumb/v7e-m+fp/hard/crti.o
                0x08000474                _init
 .init          0x08000478        0x8 C:/ST/STM32CubeIDE_1.19.0/STM32CubeIDE/plugins/com.st.stm32cube.ide.mcu.externaltools.gnu-tools-for-stm32.13.3.rel1.win32_1.0.0.202411081344/tools/bin/../lib/gcc/arm-none-eabi/13.3.1/thumb/v7e-m+fp/hard/crtn.o
 *(.fini)
 .fini          0x08000480        0x4 C:/ST/STM32CubeIDE_1.19.0/STM32CubeIDE/plugins/com.st.stm32cube.ide.mcu.externaltools.gnu-tools-for-stm32.13.3.rel1.win32_1.0.0.202411081344/tools/bin/../lib/gcc/arm-none-eabi/13.3.1/thumb/v7e-m+fp/hard/crti.o
                0x08000480                _fini
 .fini          0x08000484        0x8 C:/ST/STM32CubeIDE_1.19.0/STM32CubeIDE/plugins/com.st.stm32cube.ide.mcu.externaltools.gnu-tools-for-stm32.13.3.rel1.win32_1.0.0.202411081344/tools/bin/../lib/gcc/arm-none-eabi/13.3.1/thumb/v7e-m+fp/hard/crtn.o
                0x0800048c                        . = ALIGN (0x4)
                0x0800048c                        _etext = .

.vfp11_veneer   0x0800048c        0x0
 .vfp11_veneer  0x0800048c        0x0 linker stubs

.v4_bx          0x0800048c        0x0
 .v4_bx         0x0800048c        0x0 linker stubs

.iplt           0x0800048c        0x0
 .iplt          0x0800048c        0x0 C:/ST/STM32CubeIDE_1.19.0/STM32CubeIDE/plugins/com.st.stm32cube.ide.mcu.externaltools.gnu-tools-for-stm32.13.3.rel1.win32_1.0.0.202411081344/tools/bin/../lib/gcc/arm-none-eabi/13.3.1/thumb/v7e-m+fp/hard/crtbegin.o

.rodata         0x0800048c        0x0
                0x0800048c                        . = ALIGN (0x4)
 *(.rodata)
 *(.rodata*)
                0x0800048c                        . = ALIGN (0x4)

.ARM.extab      0x0800048c        0x0
                0x0800048c                        . = ALIGN (0x4)
 *(.ARM.extab* .gnu.linkonce.armextab.*)
                0x0800048c                        . = ALIGN (0x4)

.ARM            0x0800048c        0x0
                0x0800048c                        . = ALIGN (0x4)
                0x0800048c                        __exidx_start = .
 *(.ARM.exidx*)
                0x0800048c                        __exidx_end = .
                0x0800048c                        . = ALIGN (0x4)

.preinit_array  0x0800048c        0x0
                0x0800048c                        . = ALIGN (0x4)
                0x0800048c                        PROVIDE (__preinit_array_start = .)
 *(.preinit_array*)
                0x0800048c                        PROVIDE (__preinit_array_end = .)
                0x0800048c                        . = ALIGN (0x4)

.init_array     0x0800048c        0x4
                0x0800048c                        . = ALIGN (0x4)
                0x0800048c                        PROVIDE (__init_array_start = .)
 *(SORT_BY_NAME(.init_array.*))
 *(.init_array*)
 .init_array    0x0800048c        0x4 C:/ST/STM32CubeIDE_1.19.0/STM32CubeIDE/plugins/com.st.stm32cube.ide.mcu.externaltools.gnu-tools-for-stm32.13.3.rel1.win32_1.0.0.202411081344/tools/bin/../lib/gcc/arm-none-eabi/13.3.1/thumb/v7e-m+fp/hard/crtbegin.o
                0x08000490                        PROVIDE (__init_array_end = .)
                0x08000490                        . = ALIGN (0x4)

.fini_array     0x08000490        0x4
                0x08000490                        . = ALIGN (0x4)
                [!provide]                        PROVIDE (__fini_array_start = .)
 *(SORT_BY_NAME(.fini_array.*))
 *(.fini_array*)
 .fini_array    0x08000490        0x4 C:/ST/STM32CubeIDE_1.19.0/STM32CubeIDE/plugins/com.st.stm32cube.ide.mcu.externaltools.gnu-tools-for-stm32.13.3.rel1.win32_1.0.0.202411081344/tools/bin/../lib/gcc/arm-none-eabi/13.3.1/thumb/v7e-m+fp/hard/crtbegin.o
                [!provide]                        PROVIDE (__fini_array_end = .)
                0x08000494                        . = ALIGN (0x4)
                0x08000494                        _sidata = LOADADDR (.data)

.rel.dyn        0x08000494        0x0
 .rel.iplt      0x08000494        0x0 C:/ST/STM32CubeIDE_1.19.0/STM32CubeIDE/plugins/com.st.stm32cube.ide.mcu.externaltools.gnu-tools-for-stm32.13.3.rel1.win32_1.0.0.202411081344/tools/bin/../lib/gcc/arm-none-eabi/13.3.1/thumb/v7e-m+fp/hard/crtbegin.o

.data           0x20000000        0x0 load address 0x08000494
                0x20000000                        . = ALIGN (0x4)
                0x20000000                        _sdata = .
 *(.data)
 *(.data*)
 *(.RamFunc)
 *(.RamFunc*)
                0x20000000                        . = ALIGN (0x4)
                0x20000000                        _edata = .
                0x08000494                        _sisram2 = LOADADDR (.sram2)

.igot.plt       0x20000000        0x0 load address 0x08000494
 .igot.plt      0x20000000        0x0 C:/ST/STM32CubeIDE_1.19.0/STM32CubeIDE/plugins/com.st.stm32cube.ide.mcu.externaltools.gnu-tools-for-stm32.13.3.rel1.win32_1.0.0.202411081344/tools/bin/../lib/gcc/arm-none-eabi/13.3.1/thumb/v7e-m+fp/hard/crtbegin.o

.sram2          0x10000000        0x0 load address 0x08000494
                0x10000000                        . = ALIGN (0x4)
                0x10000000                        _ssram2 = .
 *(.sram2)
 *(.sram2*)
                0x10000000                        . = ALIGN (0x4)
                0x10000000                        _esram2 = .
                0x10000000                        . = ALIGN (0x4)

.bss            0x20000000       0x1c
                0x20000000                        _sbss = .
                0x20000000                        __bss_start__ = _sbss
 *(.bss)
 .bss           0x20000000       0x1c C:/ST/STM32CubeIDE_1.19.0/STM32CubeIDE/plugins/com.st.stm32cube.ide.mcu.externaltools.gnu-tools-for-stm32.13.3.rel1.win32_1.0.0.202411081344/tools/bin/../lib/gcc/arm-none-eabi/13.3.1/thumb/v7e-m+fp/hard/crtbegin.o
 *(.bss*)
 *(COMMON)
                0x2000001c                        . = ALIGN (0x4)
                0x2000001c                        _ebss = .
                0x2000001c                        __bss_end__ = _ebss

._user_heap_stack
                0x2000001c      0x604
                0x20000020                        . = ALIGN (0x8)
 *fill*         0x2000001c        0x4 
                [!provide]                        PROVIDE (end = .)
                0x20000020                        PROVIDE (_end = .)
                0x20000220                        . = (. + _Min_Heap_Size)
 *fill*         0x20000020      0x200 
                0x20000620                        . = (. + _Min_Stack_Size)
 *fill*         0x20000220      0x400 
                0x20000620                        . = ALIGN (0x8)

/DISCARD/
 libc.a(*)
 libm.a(*)
 libgcc.a(*)

.ARM.attributes
                0x00000000       0x30
 *(.ARM.attributes)
 .ARM.attributes
                0x00000000       0x22 C:/ST/STM32CubeIDE_1.19.0/STM32CubeIDE/plugins/com.st.stm32cube.ide.mcu.externaltools.gnu-tools-for-stm32.13.3.rel1.win32_1.0.0.202411081344/tools/bin/../lib/gcc/arm-none-eabi/13.3.1/thumb/v7e-m+fp/hard/crti.o
 .ARM.attributes
                0x00000022       0x34 C:/ST/STM32CubeIDE_1.19.0/STM32CubeIDE/plugins/com.st.stm32cube.ide.mcu.externaltools.gnu-tools-for-stm32.13.3.rel1.win32_1.0.0.202411081344/tools/bin/../lib/gcc/arm-none-eabi/13.3.1/thumb/v7e-m+fp/hard/crtbegin.o
 .ARM.attributes
                0x00000056       0x34 ./Src/FIFO.o
 .ARM.attributes
                0x0000008a       0x34 ./Src/main.o
 .ARM.attributes
                0x000000be       0x21 ./Startup/startup_stm32l476rgtx.o
 .ARM.attributes
                0x000000df       0x34 C:/ST/STM32CubeIDE_1.19.0/STM32CubeIDE/plugins/com.st.stm32cube.ide.mcu.externaltools.gnu-tools-for-stm32.13.3.rel1.win32_1.0.0.202411081344/tools/bin/../lib/gcc/arm-none-eabi/13.3.1/../../../../arm-none-eabi/lib/thumb/v7e-m+fp/hard\libc_nano.a(libc_a-init.o)
 .ARM.attributes
                0x00000113       0x22 C:/ST/STM32CubeIDE_1.19.0/STM32CubeIDE/plugins/com.st.stm32cube.ide.mcu.externaltools.gnu-tools-for-stm32.13.3.rel1.win32_1.0.0.202411081344/tools/bin/../lib/gcc/arm-none-eabi/13.3.1/thumb/v7e-m+fp/hard/crtn.o
OUTPUT(FiFO_Circular_Buffer.elf elf32-littlearm)
LOAD linker stubs
LOAD C:/ST/STM32CubeIDE_1.19.0/STM32CubeIDE/plugins/com.st.stm32cube.ide.mcu.externaltools.gnu-tools-for-stm32.13.3.rel1.win32_1.0.0.202411081344/tools/bin/../lib/gcc/arm-none-eabi/13.3.1/../../../../arm-none-eabi/lib/thumb/v7e-m+fp/hard\libc.a
LOAD C:/ST/STM32CubeIDE_1.19.0/STM32CubeIDE/plugins/com.st.stm32cube.ide.mcu.externaltools.gnu-tools-for-stm32.13.3.rel1.win32_1.0.0.202411081344/tools/bin/../lib/gcc/arm-none-eabi/13.3.1/../../../../arm-none-eabi/lib/thumb/v7e-m+fp/hard\libm.a
LOAD C:/ST/STM32CubeIDE_1.19.0/STM32CubeIDE/plugins/com.st.stm32cube.ide.mcu.externaltools.gnu-tools-for-stm32.13.3.rel1.win32_1.0.0.202411081344/tools/bin/../lib/gcc/arm-none-eabi/13.3.1/thumb/v7e-m+fp/hard\libgcc.a

.debug_info     0x00000000      0x4b7
 .debug_info    0x00000000      0x2c6 ./Src/FIFO.o
 .debug_info    0x000002c6      0x1c1 ./Src/main.o
 .debug_info    0x00000487       0x30 ./Startup/startup_stm32l476rgtx.o

.debug_abbrev   0x00000000      0x293
 .debug_abbrev  0x00000000      0x17c ./Src/FIFO.o
 .debug_abbrev  0x0000017c       0xf3 ./Src/main.o
 .debug_abbrev  0x0000026f       0x24 ./Startup/startup_stm32l476rgtx.o

.debug_aranges  0x00000000       0x90
 .debug_aranges
                0x00000000       0x48 ./Src/FIFO.o
 .debug_aranges
                0x00000048       0x20 ./Src/main.o
 .debug_aranges
                0x00000068       0x28 ./Startup/startup_stm32l476rgtx.o

.debug_rnglists
                0x00000000       0x60
 .debug_rnglists
                0x00000000       0x34 ./Src/FIFO.o
 .debug_rnglists
                0x00000034       0x13 ./Src/main.o
 .debug_rnglists
                0x00000047       0x19 ./Startup/startup_stm32l476rgtx.o

.debug_macro    0x00000000     0x102b
 .debug_macro   0x00000000       0x72 ./Src/FIFO.o
 .debug_macro   0x00000072      0xae4 ./Src/FIFO.o
 .debug_macro   0x00000b56       0x22 ./Src/FIFO.o
 .debug_macro   0x00000b78       0x8e ./Src/FIFO.o
 .debug_macro   0x00000c06       0x51 ./Src/FIFO.o
 .debug_macro   0x00000c57      0x103 ./Src/FIFO.o
 .debug_macro   0x00000d5a       0x6a ./Src/FIFO.o
 .debug_macro   0x00000dc4      0x1df ./Src/FIFO.o
 .debug_macro   0x00000fa3       0x16 ./Src/FIFO.o
 .debug_macro   0x00000fb9       0x72 ./Src/main.o

.debug_line     0x00000000      0xab2
 .debug_line    0x00000000      0x61f ./Src/FIFO.o
 .debug_line    0x0000061f      0x418 ./Src/main.o
 .debug_line    0x00000a37       0x7b ./Startup/startup_stm32l476rgtx.o

.debug_str      0x00000000     0x3ddc
 .debug_str     0x00000000     0x3ddc ./Src/FIFO.o
                               0x3ee5 (size before relaxing)
 .debug_str     0x00003ddc     0x3eb5 ./Src/main.o
 .debug_str     0x00003ddc       0x94 ./Startup/startup_stm32l476rgtx.o

.comment        0x00000000       0x43
 .comment       0x00000000       0x43 ./Src/FIFO.o
                                 0x44 (size before relaxing)
 .comment       0x00000043       0x44 ./Src/main.o

.debug_frame    0x00000000      0x150
 .debug_frame   0x00000000       0xf4 ./Src/FIFO.o
 .debug_frame   0x000000f4       0x30 ./Src/main.o
 .debug_frame   0x00000124       0x2c C:/ST/STM32CubeIDE_1.19.0/STM32CubeIDE/plugins/com.st.stm32cube.ide.mcu.externaltools.gnu-tools-for-stm32.13.3.rel1.win32_1.0.0.202411081344/tools/bin/../lib/gcc/arm-none-eabi/13.3.1/../../../../arm-none-eabi/lib/thumb/v7e-m+fp/hard\libc_nano.a(libc_a-init.o)

.debug_line_str
                0x00000000       0x78
 .debug_line_str
                0x00000000       0x78 ./Startup/startup_stm32l476rgtx.o
