   1                             	r8	=	0xffef0
   2                             	r16	=	0xffee8
   3                             	r24	=	0xffee0
   4                             	r9	=	0xffef1
   5                             	r17	=	0xffee9
   6                             	r25	=	0xffee1
   7                             	r10	=	0xffef2
   8                             	r18	=	0xffeea
   9                             	r26	=	0xffee2
  10                             	r11	=	0xffef3
  11                             	r19	=	0xffeeb
  12                             	r27	=	0xffee3
  13                             	r12	=	0xffef4
  14                             	r20	=	0xffeec
  15                             	r28	=	0xffee4
  16                             	r13	=	0xffef5
  17                             	r21	=	0xffeed
  18                             	r29	=	0xffee5
  19                             	r14	=	0xffef6
  20                             	r22	=	0xffeee
  21                             	r30	=	0xffee6
  22                             	r15	=	0xffef7
  23                             	r23	=	0xffeef
  24                             	r31	=	0xffee7
  25                             	MACRL	=	0xffff0
  26                             	MACRH	=	0xffff2
  27                             	.text
  28                             	.Ltext0:
  29                             		.section	.text.R_TAU0_Create,"ax",@progbits
  30                             		.global	_R_TAU0_Create
  32                             	_R_TAU0_Create:
  33                             	.LFB0:
  34                             		.file 1 "../src/r_cg_timer.c"
   1:../src/r_cg_timer.c **** /**************************************************************************************************
   2:../src/r_cg_timer.c **** * DISCLAIMER
   3:../src/r_cg_timer.c **** * This software is supplied by Renesas Electronics Corporation and is only intended for use with Re
   4:../src/r_cg_timer.c **** * No other uses are authorized. This software is owned by Renesas Electronics Corporation and is pr
   5:../src/r_cg_timer.c **** * applicable laws, including copyright laws. 
   6:../src/r_cg_timer.c **** * THIS SOFTWARE IS PROVIDED "AS IS" AND RENESAS MAKES NO WARRANTIES REGARDING THIS SOFTWARE, WHETHE
   7:../src/r_cg_timer.c **** * OR STATUTORY, INCLUDING BUT NOT LIMITED TO WARRANTIES OF MERCHANTABILITY, FITNESS FOR A PARTICULA
   8:../src/r_cg_timer.c **** * NON-INFRINGEMENT.  ALL SUCH WARRANTIES ARE EXPRESSLY DISCLAIMED.TO THE MAXIMUM EXTENT PERMITTED N
   9:../src/r_cg_timer.c **** * LAW, NEITHER RENESAS ELECTRONICS CORPORATION NOR ANY OF ITS AFFILIATED COMPANIES SHALL BE LIABLE 
  10:../src/r_cg_timer.c **** * INDIRECT, SPECIAL, INCIDENTAL OR CONSEQUENTIAL DAMAGES FOR ANY REASON RELATED TO THIS SOFTWARE, E
  11:../src/r_cg_timer.c **** * ITS AFFILIATES HAVE BEEN ADVISED OF THE POSSIBILITY OF SUCH DAMAGES.
  12:../src/r_cg_timer.c **** * Renesas reserves the right, without notice, to make changes to this software and to discontinue t
  13:../src/r_cg_timer.c **** * of this software. By using this software, you agree to the additional terms and conditions found 
  14:../src/r_cg_timer.c **** * following link:
  15:../src/r_cg_timer.c **** * http://www.renesas.com/disclaimer
  16:../src/r_cg_timer.c **** *
  17:../src/r_cg_timer.c **** * Copyright (C) 2011, 2024 Renesas Electronics Corporation. All rights reserved.
  18:../src/r_cg_timer.c **** ***************************************************************************************************
  19:../src/r_cg_timer.c **** 
  20:../src/r_cg_timer.c **** /**************************************************************************************************
  21:../src/r_cg_timer.c **** * File Name    : r_cg_timer.c
  22:../src/r_cg_timer.c **** * Version      : CodeGenerator for RL78/G14 V2.05.08.02 [03 Jun 2024]
  23:../src/r_cg_timer.c **** * Device(s)    : R5F104GF
  24:../src/r_cg_timer.c **** * Tool-Chain   : GCCRL78
  25:../src/r_cg_timer.c **** * Description  : This file implements device driver for TAU module.
  26:../src/r_cg_timer.c **** * Creation Date: 14/07/2025
  27:../src/r_cg_timer.c **** ***************************************************************************************************
  28:../src/r_cg_timer.c **** 
  29:../src/r_cg_timer.c **** /**************************************************************************************************
  30:../src/r_cg_timer.c **** Includes
  31:../src/r_cg_timer.c **** ***************************************************************************************************
  32:../src/r_cg_timer.c **** #include "r_cg_macrodriver.h"
  33:../src/r_cg_timer.c **** #include "r_cg_timer.h"
  34:../src/r_cg_timer.c **** /* Start user code for include. Do not edit comment generated here */
  35:../src/r_cg_timer.c **** /* End user code. Do not edit comment generated here */
  36:../src/r_cg_timer.c **** #include "r_cg_userdefine.h"
  37:../src/r_cg_timer.c **** 
  38:../src/r_cg_timer.c **** /**************************************************************************************************
  39:../src/r_cg_timer.c **** Global variables and functions
  40:../src/r_cg_timer.c **** ***************************************************************************************************
  41:../src/r_cg_timer.c **** /* Start user code for global. Do not edit comment generated here */
  42:../src/r_cg_timer.c **** /* End user code. Do not edit comment generated here */
  43:../src/r_cg_timer.c **** 
  44:../src/r_cg_timer.c **** /**************************************************************************************************
  45:../src/r_cg_timer.c **** * Function Name: R_TAU0_Create
  46:../src/r_cg_timer.c **** * Description  : This function initializes the TAU0 module.
  47:../src/r_cg_timer.c **** * Arguments    : None
  48:../src/r_cg_timer.c **** * Return Value : None
  49:../src/r_cg_timer.c **** ***************************************************************************************************
  50:../src/r_cg_timer.c **** void R_TAU0_Create(void)
  51:../src/r_cg_timer.c **** {
  35                             		.loc 1 51 0
  52:../src/r_cg_timer.c ****     TAU0EN = 1U;    /* supplies input clock */
  36                             		.loc 1 52 0
  37 0000 71 00 F0 00             		set1	!240.0
  53:../src/r_cg_timer.c ****     TPS0 = _0001_TAU_CKM0_FCLK_1 | _0000_TAU_CKM1_FCLK_0 | _0000_TAU_CKM2_FCLK_1 | _0000_TAU_CKM3_F
  38                             		.loc 1 53 0
  39 0004 E6                      		onew	ax
  40 0005 BF B6 01                		movw	!438, ax
  54:../src/r_cg_timer.c ****     /* Stop all channels */
  55:../src/r_cg_timer.c ****     TT0 = _0001_TAU_CH0_STOP_TRG_ON | _0002_TAU_CH1_STOP_TRG_ON | _0004_TAU_CH2_STOP_TRG_ON |
  41                             		.loc 1 55 0
  42 0008 30 0F 0A                		movw	ax, #2575
  43 000b BF B4 01                		movw	!436, ax
  56:../src/r_cg_timer.c ****           _0008_TAU_CH3_STOP_TRG_ON | _0200_TAU_CH1_H8_STOP_TRG_ON | _0800_TAU_CH3_H8_STOP_TRG_ON;
  57:../src/r_cg_timer.c ****     /* Mask channel 0 interrupt */
  58:../src/r_cg_timer.c ****     TMMK00 = 1U;    /* disable INTTM00 interrupt */
  44                             		.loc 1 58 0
  45 000e 71 40 E6 FF             		set1	!-26.4
  59:../src/r_cg_timer.c ****     TMIF00 = 0U;    /* clear INTTM00 interrupt flag */
  46                             		.loc 1 59 0
  47 0012 71 48 E2 FF             		clr1	!-30.4
  60:../src/r_cg_timer.c ****     /* Mask channel 1 interrupt */
  61:../src/r_cg_timer.c ****     TMMK01 = 1U;    /* disable INTTM01 interrupt */
  48                             		.loc 1 61 0
  49 0016 71 50 E6 FF             		set1	!-26.5
  62:../src/r_cg_timer.c ****     TMIF01 = 0U;    /* clear INTTM01 interrupt flag */
  50                             		.loc 1 62 0
  51 001a 71 58 E2 FF             		clr1	!-30.5
  63:../src/r_cg_timer.c ****     /* Mask channel 1 higher 8 bits interrupt */
  64:../src/r_cg_timer.c ****     TMMK01H = 1U;    /* disable INTTM01H interrupt */
  52                             		.loc 1 64 0
  53 001e 71 70 E5 FF             		set1	!-27.7
  65:../src/r_cg_timer.c ****     TMIF01H = 0U;    /* clear INTTM01H interrupt flag */
  54                             		.loc 1 65 0
  55 0022 71 78 E1 FF             		clr1	!-31.7
  66:../src/r_cg_timer.c ****     /* Mask channel 2 interrupt */
  67:../src/r_cg_timer.c ****     TMMK02 = 1U;    /* disable INTTM02 interrupt */
  56                             		.loc 1 67 0
  57 0026 71 60 E6 FF             		set1	!-26.6
  68:../src/r_cg_timer.c ****     TMIF02 = 0U;    /* clear INTTM02 interrupt flag */
  58                             		.loc 1 68 0
  59 002a 71 68 E2 FF             		clr1	!-30.6
  69:../src/r_cg_timer.c ****     /* Mask channel 3 interrupt */
  70:../src/r_cg_timer.c ****     TMMK03 = 1U;    /* disable INTTM03 interrupt */
  60                             		.loc 1 70 0
  61 002e 71 70 E6 FF             		set1	!-26.7
  71:../src/r_cg_timer.c ****     TMIF03 = 0U;    /* clear INTTM03 interrupt flag */
  62                             		.loc 1 71 0
  63 0032 71 78 E2 FF             		clr1	!-30.7
  72:../src/r_cg_timer.c ****     /* Mask channel 3 higher 8 bits interrupt */
  73:../src/r_cg_timer.c ****     TMMK03H = 1U;    /* disable INTTM03H interrupt */
  64                             		.loc 1 73 0
  65 0036 71 20 E6 FF             		set1	!-26.2
  74:../src/r_cg_timer.c ****     TMIF03H = 0U;    /* clear INTTM03H interrupt flag */
  66                             		.loc 1 74 0
  67 003a 71 28 E2 FF             		clr1	!-30.2
  75:../src/r_cg_timer.c ****     /* Set INTTM00 low priority */
  76:../src/r_cg_timer.c ****     TMPR100 = 1U;
  68                             		.loc 1 76 0
  69 003e 71 40 EE FF             		set1	!-18.4
  77:../src/r_cg_timer.c ****     TMPR000 = 1U;
  70                             		.loc 1 77 0
  71 0042 71 40 EA FF             		set1	!-22.4
  78:../src/r_cg_timer.c ****     /* Channel 0 used as interval timer */
  79:../src/r_cg_timer.c ****     TMR00 = _0000_TAU_CLOCK_SELECT_CKM0 | _0000_TAU_CLOCK_MODE_CKS | _0000_TAU_COMBINATION_SLAVE |
  72                             		.loc 1 79 0
  73 0046 E6                      		onew	ax
  74 0047 BF 90 01                		movw	!400, ax
  80:../src/r_cg_timer.c ****             _0000_TAU_TRIGGER_SOFTWARE | _0000_TAU_MODE_INTERVAL_TIMER | _0001_TAU_START_INT_USED;
  81:../src/r_cg_timer.c ****     TDR00 = _D04F_TAU_TDR00_VALUE;
  75                             		.loc 1 81 0
  76 004a 30 4F D0                		movw	ax, #-12209
  77 004d BD 18                   		movw	0xfff18, ax
  82:../src/r_cg_timer.c ****     TO0 &= ~_0001_TAU_CH0_OUTPUT_VALUE_1;
  78                             		.loc 1 82 0
  79 004f AF B8 01                		movw	ax, !440
  80 0052 BD F0                   		movw	r8, ax
  81 0054 5A F0 FE                		and	r8, #254 ;andhi3 r8,r8,#-2
  82 0057 AD F0                   		movw	ax, r8
  83 0059 BF B8 01                		movw	!440, ax
  83:../src/r_cg_timer.c ****     TOE0 &= ~_0001_TAU_CH0_OUTPUT_ENABLE;
  84                             		.loc 1 83 0
  85 005c AF BA 01                		movw	ax, !442
  86 005f BD F0                   		movw	r8, ax
  87 0061 5A F0 FE                		and	r8, #254 ;andhi3 r8,r8,#-2
  88 0064 AD F0                   		movw	ax, r8
  89 0066 BF BA 01                		movw	!442, ax
  84:../src/r_cg_timer.c **** }
  90                             		.loc 1 84 0
  91 0069 D7                      		ret
  92                             	.LFE0:
  94                             		.section	.text.R_TAU0_Channel0_Start,"ax",@progbits
  95                             		.global	_R_TAU0_Channel0_Start
  97                             	_R_TAU0_Channel0_Start:
  98                             	.LFB1:
  85:../src/r_cg_timer.c **** 
  86:../src/r_cg_timer.c **** /**************************************************************************************************
  87:../src/r_cg_timer.c **** * Function Name: R_TAU0_Channel0_Start
  88:../src/r_cg_timer.c **** * Description  : This function starts TAU0 channel 0 counter.
  89:../src/r_cg_timer.c **** * Arguments    : None
  90:../src/r_cg_timer.c **** * Return Value : None
  91:../src/r_cg_timer.c **** ***************************************************************************************************
  92:../src/r_cg_timer.c **** void R_TAU0_Channel0_Start(void)
  93:../src/r_cg_timer.c **** {
  99                             		.loc 1 93 0
  94:../src/r_cg_timer.c ****     TMIF00 = 0U;    /* clear INTTM00 interrupt flag */
 100                             		.loc 1 94 0
 101 0000 71 48 E2 FF             		clr1	!-30.4
  95:../src/r_cg_timer.c ****     TMMK00 = 0U;    /* enable INTTM00 interrupt */
 102                             		.loc 1 95 0
 103 0004 71 48 E6 FF             		clr1	!-26.4
  96:../src/r_cg_timer.c ****     TS0 |= _0001_TAU_CH0_START_TRG_ON;
 104                             		.loc 1 96 0
 105 0008 AF B2 01                		movw	ax, !434
 106 000b BD F0                   		movw	r8, ax
 107 000d 6A F0 01                		or	r8, #1 ;iorhi3 r8,r8,#1
 108 0010 AD F0                   		movw	ax, r8
 109 0012 BF B2 01                		movw	!434, ax
  97:../src/r_cg_timer.c **** }
 110                             		.loc 1 97 0
 111 0015 D7                      		ret
 112                             	.LFE1:
 114                             		.section	.text.R_TAU0_Channel0_Stop,"ax",@progbits
 115                             		.global	_R_TAU0_Channel0_Stop
 117                             	_R_TAU0_Channel0_Stop:
 118                             	.LFB2:
  98:../src/r_cg_timer.c **** 
  99:../src/r_cg_timer.c **** /**************************************************************************************************
 100:../src/r_cg_timer.c **** * Function Name: R_TAU0_Channel0_Stop
 101:../src/r_cg_timer.c **** * Description  : This function stops TAU0 channel 0 counter.
 102:../src/r_cg_timer.c **** * Arguments    : None
 103:../src/r_cg_timer.c **** * Return Value : None
 104:../src/r_cg_timer.c **** ***************************************************************************************************
 105:../src/r_cg_timer.c **** void R_TAU0_Channel0_Stop(void)
 106:../src/r_cg_timer.c **** {
 119                             		.loc 1 106 0
 107:../src/r_cg_timer.c ****     TT0 |= _0001_TAU_CH0_STOP_TRG_ON;
 120                             		.loc 1 107 0
 121 0000 AF B4 01                		movw	ax, !436
 122 0003 BD F0                   		movw	r8, ax
 123 0005 6A F0 01                		or	r8, #1 ;iorhi3 r8,r8,#1
 124 0008 AD F0                   		movw	ax, r8
 125 000a BF B4 01                		movw	!436, ax
 108:../src/r_cg_timer.c ****     /* Mask channel 0 interrupt */
 109:../src/r_cg_timer.c ****     TMMK00 = 1U;    /* disable INTTM00 interrupt */
 126                             		.loc 1 109 0
 127 000d 71 40 E6 FF             		set1	!-26.4
 110:../src/r_cg_timer.c ****     TMIF00 = 0U;    /* clear INTTM00 interrupt flag */
 128                             		.loc 1 110 0
 129 0011 71 48 E2 FF             		clr1	!-30.4
 111:../src/r_cg_timer.c **** }
 130                             		.loc 1 111 0
 131 0015 D7                      		ret
 132                             	.LFE2:
 176                             	.Letext0:
 177                             		.file 2 "C:/Users/badreddine.merareb/e2_studio/Workspace_stepper_Motor/Control_Dumber_Degree/gener
 178                             		.file 3 "C:/Users/badreddine.merareb/e2_studio/Workspace_stepper_Motor/Control_Dumber_Degree/gener
